iex(5)> a = [1,2,3]
[1, 2, 3]

iex(6)> a = 4
4

iex(7)> 4 = a
4

iex(8)> [a,b] = [1,2,3]
** (MatchError) no match of right hand side value: [1, 2, 3]

iex(8)> a = [[1,2,3]]
[[1, 2, 3]]

iex(9)> [a] = [[1,2,3]]
[[1, 2, 3]]

iex(10)> [[a]] = [[1,2,3]]
** (MatchError) no match of right hand side value: [[1, 2, 3]]
